[www.fpiupdates.com.ng/index.html]
[backblue.gif]
[fade.gif]
[index.html]
[fpiupdates.com.ng/media/featuredImage/FPI OLEVEL Combinations.jpg]
[ajax.googleapis.com/ajax/libs/jquery/2.1.3/jquery.min.js]
[www.fpiupdates.com.ng/assets/img/favicon.png]
[www.fpiupdates.com.ng/assets/css/success.css]
[www.fpiupdates.com.ng/assets/css/style.css]
[maxcdn.bootstrapcdn.com/bootstrap/3.3.6/js/bootstrap.min.js]
[www.fpiupdates.com.ng/assets/css/all.min.css]
[www.fpiupdates.com.ng/assets/css/fontawesome.min.css]
[www.fpiupdates.com.ng/assets/css/videostyle.css]
[pagead2.googlesyndication.com/pagead/js/fea4f.txt]
[www.fpiupdates.com.ng/index-2.html]
[www.fpiupdates.com.ng/about.html]
[www.fpiupdates.com.ng/tutorial-videos.html]
[platform-api.sharethis.com/js/sharethis.js]
[www.fpiupdates.com.ng/categories.html]
[www.fpiupdates.com.ng/posts.html]
[www.fpiupdates.com.ng/donate.html]
[www.fpiupdates.com.ng/media/backgroundImages/fpiImage1.jpg]
[www.fpiupdates.com.ng/category/admission.html]
[www.fpiupdates.com.ng/past-questions.html]
[www.fpiupdates.com.ng/accomodation.html]
[www.fpiupdates.com.ng/advertisement.html]
[www.fpiupdates.com.ng/category/tutorials.html]
[www.fpiupdates.com.ng/assets/img/students.png]
[www.fpiupdates.com.ng/category/e-books.html]
[www.fpiupdates.com.ng/category/news.html]
[www.fpiupdates.com.ng/category/entertainments.html]
[www.fpiupdates.com.ng/category/stories.html]
[www.fpiupdates.com.ng/category/memo.html]
[www.fpiupdates.com.ng/category/sports.html]
[www.fpiupdates.com.ng/category/technology.html]
[www.fpiupdates.com.ng/post/fpi-wins-gold-in-national-student-project-competition.html]
[www.fpiupdates.com.ng/post/ilaropoly-20232024-admission-form-is-out-finally.html]
[www.fpiupdates.com.ng/post/news-flash-federal-poly-ilaro-20232024-admission-form-is-out-finally.html]
[www.fpiupdates.com.ng/post/news-flash-asuu-rejects-curriculum-designed-by-nuc.html]
[www.fpiupdates.com.ng/post/things-to-do-after-your-exams.html]
[www.fpiupdates.com.ng/fpiupdates.com.ng/index.html]
[www.fpiupdates.com.ng/assets/js/script.js]
[www.fpiupdates.com.ng/index.html]
[www.fpiupdates.com.ng/assets/css/success.css]
[www.fpiupdates.com.ng/assets/img/happystudents.jpg]
[www.fpiupdates.com.ng/assets/css/style.css]
[www.fpiupdates.com.ng/assets/webfonts/fa-brands-400.woff2]
[www.fpiupdates.com.ng/assets/webfonts/fa-brands-400.ttf]
[www.fpiupdates.com.ng/assets/webfonts/fa-regular-400.woff2]
[www.fpiupdates.com.ng/assets/webfonts/fa-regular-400.ttf]
[www.fpiupdates.com.ng/assets/webfonts/fa-solid-900.woff2]
[www.fpiupdates.com.ng/assets/webfonts/fa-v4compatibility.woff2]
[www.fpiupdates.com.ng/assets/webfonts/fa-v4compatibility.ttf]
[www.fpiupdates.com.ng/assets/css/all.min.css]
[www.fpiupdates.com.ng/assets/css/fontawesome.min.css]
[www.fpiupdates.com.ng/assets/css/videostyle.css]
[www.fpiupdates.com.ng/index-2.html]
[fpiupdates.com.ng/media/featuredImage/fpiImage1.jpg]
[www.fpiupdates.com.ng/assets/webfonts/fa-solid-900.ttf]
[www.fpiupdates.com.ng/twitter.com/FPI_Updates.30.delayed]
[www.fpiupdates.com.ng/twitter.com/OPMayomi]
[www.fpiupdates.com.ng/about.html]
[fpiupdates.com.ng/media/backgroundImages/tutorialVideoCover.jpg]
[www.fpiupdates.com.ng/assett/js/jquery.min.js]
[www.fpiupdates.com.ng/assett/js/jquery.scrolly.min.js]
[www.fpiupdates.com.ng/assett/js/jquery.poptrox.min.js]
[www.fpiupdates.com.ng/assett/js/skel.min.js]
[www.fpiupdates.com.ng/assett/js/util.js]
[www.fpiupdates.com.ng/assett/js/main.js]
[www.fpiupdates.com.ng/tutorial-videos.html]
[fpiupdates.com.ng/media/backgroundImages/exampaper.jpg]
[www.fpiupdates.com.ng/post/ilaropoly-olevel-requirements-and-utme-subjects-combination.html]
[www.fpiupdates.com.ng/post/required-documents-for-ilaropoly-nd-and-hnd-aspirants.html]
[www.fpiupdates.com.ng/post/things-to-know-before-ilaropoly-putme-date.html]
[www.fpiupdates.com.ng/post/nd--hnd-aspirants-things-that-can-make-you-forfeit-admission-.html]
[www.fpiupdates.com.ng/post/20232024-fpi-off-campus-accommodation-request.html]
[www.fpiupdates.com.ng/post/tragedy-student-commits-suicide-after-losing-school-fees-to-gambling-in-ogun.html]
[www.fpiupdates.com.ng/post/student-creates-history-secures-architect-olusegun-alukos-cash-prize.html]
[www.fpiupdates.com.ng/post/success-guide-for-exams-a-letter-from-napes-president-to-all-students.html]
[www.fpiupdates.com.ng/post/summary-of-the-trials-of-brother-jero.html]
[www.fpiupdates.com.ng/post/how-to-study-smarter-not-harder.html]
[www.fpiupdates.com.ng/post/ilaropoly-exam-a-must-read-story.html]
[www.fpiupdates.com.ng/post/20232024-ilaropoly-departmental-cut-off-marks.html]
[www.fpiupdates.com.ng/post/get-your-music-online.html]
[www.fpiupdates.com.ng/post/izrael-tm---celebrate-download-mp3.html]
[www.fpiupdates.com.ng/post/exploring-my-passion-for-nutrition-and-dietetics.html]
[www.fpiupdates.com.ng/post/my-transported-sense-is-back.html]
[www.fpiupdates.com.ng/post/how-i-found-my-career-path-after-failing-utme-twice---boluwatifemito.html]
[www.fpiupdates.com.ng/post/my-experience-in-formulating-cereal-based-foods-as-a-nutrition-and-dietetics-student---boluwatifemito.html]
[www.fpiupdates.com.ng/post/psychometrics-gns-106206-possible-questions-and-answers.html]
[www.fpiupdates.com.ng/post/information-to-all-applicants.html]
[www.fpiupdates.com.ng/post/welcome-to-fpiupdates.html]
[www.fpiupdates.com.ng/post/here-are-some-few-tips-you-need-to-know-prior-to-entering-fpi.html]
[www.fpiupdates.com.ng/post/fpi-nd-part-time-available-courses.html]
[www.fpiupdates.com.ng/post/acceptable-olevel-results-to-enter-fpi.html]
[www.fpiupdates.com.ng/posts.html]
[www.fpiupdates.com.ng/post/6-studying-strategies-to-become-the-top-student-in-your-school-episode-1.html]
[www.fpiupdates.com.ng/post/difference-between-fpi-weekdays-and-weekend-programs.html]
[fpiupdates.com.ng/media/backgroundImages/categoryCover.png]
[www.fpiupdates.com.ng/category/past-questions.html]
[www.fpiupdates.com.ng/category/projects.html]
[www.fpiupdates.com.ng/category/courses.html]
[www.fpiupdates.com.ng/categories.html]
[www.fpiupdates.com.ng/donate.html]
[fpiupdates.com.ng/media/backgroundImages/donationCover.png]
[fpiupdates.com.ng/media/backgroundImages/compCatCover.png]
[www.fpiupdates.com.ng/media/featuredImage/polyFormApp.jpg]
[www.fpiupdates.com.ng/media/featuredImage/subjectCombinations.png]
[www.fpiupdates.com.ng/media/featuredImage/RequiredDocuments.jpg]
[www.fpiupdates.com.ng/media/featuredImage/forfeitAdmission.jpg]
[www.fpiupdates.com.ng/media/featuredImage/postUTME2know.jpg]
[www.fpiupdates.com.ng/media/featuredImage/accoRequest.jpg]
[www.fpiupdates.com.ng/media/featuredImage/download.jpg]
[www.fpiupdates.com.ng/media/featuredImage/info2Applicants.jpg]
[www.fpiupdates.com.ng/media/featuredImage/priorToEnterFPI.jpg]
[www.fpiupdates.com.ng/media/featuredImage/partTimeAvailableCourses.jpg]
[www.fpiupdates.com.ng/media/featuredImage/acceptOlevelResult.jpg]
[www.fpiupdates.com.ng/media/featuredImage/diffBtwWeekend&Weekdays.jpg]
[www.fpiupdates.com.ng/media/featuredImage/6studyingStrategies.jpg]
[www.fpiupdates.com.ng/category/fpiupdates.com.html]
[www.fpiupdates.com.ng/category/admission.html]
[www.fpiupdates.com.ng/past-questions.html]
[fpiupdates.com.ng/media/backgroundImages/accommodationCover.jpg]
[www.fpiupdates.com.ng/accomodation.html]
[fpiupdates.com.ng/media/backgroundImages/advertisementCover.jpg]
[www.fpiupdates.com.ng/advertisement.html]
[www.fpiupdates.com.ng/media/featuredImage/studySmarter.jpg]
[www.fpiupdates.com.ng/category/tutorials.html]
[www.fpiupdates.com.ng/media/featuredImage/BrotherJeroCoverBook.jpg]
[www.fpiupdates.com.ng/category/e-books.html]
[www.fpiupdates.com.ng/media/featuredImage/Balovic-Award.6c.delayed]
[www.fpiupdates.com.ng/media/featuredImage/admissionNews.jpg]
[www.fpiupdates.com.ng/media/featuredImage/ASUUleader.jpg]
[www.fpiupdates.com.ng/media/featuredImage/tragedy.jpg]
[www.fpiupdates.com.ng/media/featuredImage/WinAlukoPrize.jpg]
[www.fpiupdates.com.ng/media/featuredImage/welcome2FpiUpdatesWeb.jpg]
[www.fpiupdates.com.ng/category/news.html]
[www.fpiupdates.com.ng/media/featuredImage/MusicPromotion.jpg]
[www.fpiupdates.com.ng/category/entertainments.html]
[www.fpiupdates.com.ng/media/featuredImage/ToDoAfterExam.jpg]
[www.fpiupdates.com.ng/media/featuredImage/IlaroExamStory.png]
[www.fpiupdates.com.ng/media/featuredImage/BoluExplorer.jpg]
[www.fpiupdates.com.ng/media/featuredImage/1668975615784.jpg]
[www.fpiupdates.com.ng/media/featuredImage/BoluCareerPath.jpg]
[www.fpiupdates.com.ng/media/featuredImage/1680498605563.jpg]
[www.fpiupdates.com.ng/category/stories.html]
[www.fpiupdates.com.ng/media/featuredImage/NAPESPresident.jpg]
[www.fpiupdates.com.ng/category/memo.html]
[www.fpiupdates.com.ng/category/sports.html]
[www.fpiupdates.com.ng/category/technology.html]
[www.fpiupdates.com.ng/admin/assets/img/Hacker.jpg]
[www.fpiupdates.com.ng/post/fpiupdates.com.html]
[www.fpiupdates.com.ng/post/fpi-wins-gold-in-national-student-project-competition.html]
[resources.infolinks.com/js/infolinks_main.js]
[www.fpiupdates.com.ng/post/ilaropoly-20232024-admission-form-is-out-finally.html]
[www.fpiupdates.com.ng/post/news-flash-federal-poly-ilaro-20232024-admission-form-is-out-finally.html]
[www.fpiupdates.com.ng/post/news-flash-asuu-rejects-curriculum-designed-by-nuc.html]
[fpiupdates-com-ng.disqus.com/embed.js]
[fpiupdates.com.ng/media/featuredImage/exam rejoice.jpg]
[www.fpiupdates.com.ng/post/things-to-do-after-your-exams.html]
[www.fpiupdates.com.ng/_autoindex/assets/css/autoindex.css]
[www.fpiupdates.com.ng/_autoindex/assets/js/tablesort.js]
[www.fpiupdates.com.ng/_autoindex/assets/js/tablesort.number.js]
[www.fpiupdates.com.ng/_autoindex/assets/icons/corner-left-up.svg]
[www.fpiupdates.com.ng/fpiupdates.com.ng/index.html]
[www.fpiupdates.com.ng/fpiupdates.com.ng/index9a11.html]
[www.fpiupdates.com.ng/fpiupdates.com.ng/index2a60.html]
[www.fpiupdates.com.ng/fpiupdates.com.ng/index3dd6.html]
[www.fpiupdates.com.ng/twitter.com/FPI_Updates.html]
[www.fpiupdates.com.ng/twitter.com/OPMayomi.html]
[www.fpiupdates.com.ng/assett/js/jquery.min.html]
[www.fpiupdates.com.ng/assett/js/jquery.scrolly.min.html]
[www.fpiupdates.com.ng/assett/js/jquery.poptrox.min.html]
[www.fpiupdates.com.ng/assett/js/skel.min.html]
[www.fpiupdates.com.ng/assett/js/util.html]
[www.fpiupdates.com.ng/assett/js/main.html]
[www.fpiupdates.com.ng/post/ilaropoly-olevel-requirements-and-utme-subjects-combination.html]
[www.fpiupdates.com.ng/post/required-documents-for-ilaropoly-nd-and-hnd-aspirants.html]
[www.fpiupdates.com.ng/post/nd--hnd-aspirants-things-that-can-make-you-forfeit-admission-.html]
[www.fpiupdates.com.ng/post/things-to-know-before-ilaropoly-putme-date.html]
[fpiupdates.com.ng/media/featuredImage/young-male-student-studying-math-school-young-male-student-studying-math-school-143952616.jpg]
[www.fpiupdates.com.ng/post/20232024-fpi-off-campus-accommodation-request.html]
[www.fpiupdates.com.ng/post/summary-of-the-trials-of-brother-jero.html]
[fpiupdates.com.ng/media/featuredImage/IMG-20230523-WA0018.jpg]
[www.fpiupdates.com.ng/post/tragedy-student-commits-suicide-after-losing-school-fees-to-gambling-in-ogun.html]
[www.fpiupdates.com.ng/post/success-guide-for-exams-a-letter-from-napes-president-to-all-students.html]
[www.fpiupdates.com.ng/post/student-creates-history-secures-architect-olusegun-alukos-cash-prize.html]
[www.fpiupdates.com.ng/post/how-to-study-smarter-not-harder.html]
[www.fpiupdates.com.ng/post/20232024-ilaropoly-departmental-cut-off-marks.html]
[www.fpiupdates.com.ng/post/ilaropoly-exam-a-must-read-story.html]
[www.fpiupdates.com.ng/post/get-your-music-online.html]
[www.fpiupdates.com.ng/post/exploring-my-passion-for-nutrition-and-dietetics.html]
[www.fpiupdates.com.ng/post/izrael-tm---celebrate-download-mp3.html]
[www.fpiupdates.com.ng/post/my-transported-sense-is-back.html]
[www.fpiupdates.com.ng/post/how-i-found-my-career-path-after-failing-utme-twice---boluwatifemito.html]
[www.fpiupdates.com.ng/post/my-experience-in-formulating-cereal-based-foods-as-a-nutrition-and-dietetics-student---boluwatifemito.html]
[www.fpiupdates.com.ng/media/featuredImage/index.html]
[www.fpiupdates.com.ng/media/featuredImage/GNS106&206free.png]
[www.fpiupdates.com.ng/post/psychometrics-gns-106206-possible-questions-and-answers.html]
[www.fpiupdates.com.ng/post/information-to-all-applicants.html]
[www.fpiupdates.com.ng/post/welcome-to-fpiupdates.html]
[www.fpiupdates.com.ng/post/here-are-some-few-tips-you-need-to-know-prior-to-entering-fpi.html]
[www.fpiupdates.com.ng/post/fpi-nd-part-time-available-courses.html]
[www.fpiupdates.com.ng/post/acceptable-olevel-results-to-enter-fpi.html]
[www.fpiupdates.com.ng/post/difference-between-fpi-weekdays-and-weekend-programs.html]
[www.fpiupdates.com.ng/post/6-studying-strategies-to-become-the-top-student-in-your-school-episode-1.html]
[www.fpiupdates.com.ng/category/past-questions.html]
[www.fpiupdates.com.ng/category/projects.html]
[www.fpiupdates.com.ng/category/courses.html]
[www.fpiupdates.com.ng/category/fpiupdates.com.html]
[www.fpiupdates.com.ng/media/featuredImage/Balovic-Award.html]
[www.fpiupdates.com.ng/post/fpiupdates.com.html]
[www.fpiupdates.com.ng/_autoindex/assets/css/autoindex.css]
[www.fpiupdates.com.ng/fpiupdates.com.ng/index9a11.html]
[www.fpiupdates.com.ng/fpiupdates.com.ng/index2a60.html]
[www.fpiupdates.com.ng/fpiupdates.com.ng/indexd4cd.html]
[www.fpiupdates.com.ng/fpiupdates.com.ng/index3dd6.html]
[www.fpiupdates.com.ng/fpiupdates.com.ng/index7dc1.html]
[www.fpiupdates.com.ng/_autoindex/assets/icons/corner-left-up.svg]
[www.fpiupdates.com.ng/fpiupdates.com.ng/index38f9.html]
[www.fpiupdates.com.ng/_autoindex/assets/icons/image.svg]
[www.fpiupdates.com.ng/media/featuredImage/index9a11.html]
[www.fpiupdates.com.ng/media/featuredImage/6studyingstrategies.87.delayed]
[www.fpiupdates.com.ng/media/featuredImage/index3dd6.html]
[www.fpiupdates.com.ng/media/featuredImage/index2a60.html]
[www.fpiupdates.com.ng/media/index.html]
[www.fpiupdates.com.ng/media/featuredImage/aaut8176.jpg]
[www.fpiupdates.com.ng/media/featuredImage/AAUT8176.jpg]
[www.fpiupdates.com.ng/_autoindex/assets/icons/file.svg]
[www.fpiupdates.com.ng/media/featuredImage/acceptolevelresult.jpeg]
[www.fpiupdates.com.ng/media/featuredImage/accorequest-2.jpg]
[www.fpiupdates.com.ng/media/featuredImage/admissionnews.jpeg]
[www.fpiupdates.com.ng/media/featuredImage/aijl4787.jpg]
[www.fpiupdates.com.ng/media/featuredImage/AIJL4787.jpg]
[www.fpiupdates.com.ng/media/featuredImage/asuuleader.90.delayed]
[www.fpiupdates.com.ng/media/featuredImage/bcwn3838.jpg]
[www.fpiupdates.com.ng/media/featuredImage/BCWN3838.jpg]
[www.fpiupdates.com.ng/media/featuredImage/bolucareerpath.93.delayed]
[www.fpiupdates.com.ng/media/featuredImage/boluexplorer-2.jpg]
[www.fpiupdates.com.ng/media/featuredImage/brotherjerocoverbook.jpeg]
[www.fpiupdates.com.ng/media/featuredImage/check result.png]
[www.fpiupdates.com.ng/media/featuredImage/diffbtwweekend&weekdays.97.delayed]
[www.fpiupdates.com.ng/media/featuredImage/diffBtwWeekend&Weekdays-2.jpg]
[www.fpiupdates.com.ng/media/featuredImage/download (1).jpg]
[www.fpiupdates.com.ng/media/featuredImage/elect.jpeg]
[www.fpiupdates.com.ng/media/featuredImage/Elect.jpg]
[www.fpiupdates.com.ng/media/featuredImage/error.9c.delayed]
[www.fpiupdates.com.ng/media/featuredImage/error.png]
[www.fpiupdates.com.ng/media/featuredImage/forfeitadmission.9e.delayed]
[www.fpiupdates.com.ng/media/featuredImage/FPI Subject Combinations.jpg]
[www.fpiupdates.com.ng/media/featuredImage/fpiimage1.a0.delayed]
[www.fpiupdates.com.ng/media/featuredImage/GNS 106 free.png]
[www.fpiupdates.com.ng/media/featuredImage/gns106&206free-2.png]
[www.fpiupdates.com.ng/media/featuredImage/happystudents.jpg]
[www.fpiupdates.com.ng/media/featuredImage/high-school-applicants.jpg]
[www.fpiupdates.com.ng/media/featuredImage/GNS106&206free-2.png]
[www.fpiupdates.com.ng/media/featuredImage/ilaroexamstory.a5.delayed]
[www.fpiupdates.com.ng/media/featuredImage/images (38).jpg]
[www.fpiupdates.com.ng/media/featuredImage/images (51).jpg]
[www.fpiupdates.com.ng/media/featuredImage/img-20230416-wa0003.a8.delayed]
[www.fpiupdates.com.ng/media/featuredImage/IMG-20230416-WA0003.jpg]
[www.fpiupdates.com.ng/media/featuredImage/img-20230422-wa0038.aa.delayed]
[www.fpiupdates.com.ng/media/featuredImage/IMG-20230422-WA0038.jpg]
[www.fpiupdates.com.ng/media/featuredImage/img-20230521-wa0100.ac.delayed]
[www.fpiupdates.com.ng/media/featuredImage/IMG-20230521-WA0100.jpg]
[www.fpiupdates.com.ng/media/featuredImage/img-20230523-wa0018.ae.delayed]
[www.fpiupdates.com.ng/media/featuredImage/img.jpg]
[www.fpiupdates.com.ng/media/featuredImage/img_20230513_203502.b0.delayed]
[www.fpiupdates.com.ng/media/featuredImage/IMG_20230513_203502.jpg]
[www.fpiupdates.com.ng/media/featuredImage/info2applicants.b2.delayed]
[www.fpiupdates.com.ng/media/featuredImage/login.png]
[www.fpiupdates.com.ng/media/featuredImage/Music Online.jpg]
[www.fpiupdates.com.ng/media/featuredImage/musicpromotion.b5.delayed]
[www.fpiupdates.com.ng/media/featuredImage/napespresident-2.jpg]
[www.fpiupdates.com.ng/media/featuredImage/parttimeavailablecourses.jpeg]
[www.fpiupdates.com.ng/media/featuredImage/phone1.jpg]
[www.fpiupdates.com.ng/media/featuredImage/phone4.jpg]
[www.fpiupdates.com.ng/media/featuredImage/index.html]
[www.fpiupdates.com.ng/fpiupdates.com.ng/indexd4cd.html]
[www.fpiupdates.com.ng/fpiupdates.com.ng/index7dc1.html]
[www.fpiupdates.com.ng/fpiupdates.com.ng/index38f9.html]
[www.fpiupdates.com.ng/media/featuredImage/index9a11.html]
[www.fpiupdates.com.ng/media/featuredImage/index2a60.html]
[www.fpiupdates.com.ng/media/featuredImage/index3dd6.html]
[www.fpiupdates.com.ng/media/index.html]
[www.fpiupdates.com.ng/_autoindex/assets/icons/image.svg]
[www.fpiupdates.com.ng/media/featuredImage/6studyingstrategies.html]
[www.fpiupdates.com.ng/media/featuredImage/aaut8176.html]
[www.fpiupdates.com.ng/_autoindex/assets/icons/file.svg]
[www.fpiupdates.com.ng/media/featuredImage/acceptolevelresult.html]
[www.fpiupdates.com.ng/media/featuredImage/accorequest.html]
[www.fpiupdates.com.ng/media/featuredImage/admissionnews.html]
[www.fpiupdates.com.ng/media/featuredImage/aijl4787.html]
[www.fpiupdates.com.ng/media/featuredImage/asuuleader.html]
[www.fpiupdates.com.ng/media/featuredImage/bcwn3838.html]
[www.fpiupdates.com.ng/media/featuredImage/bolucareerpath.html]
[www.fpiupdates.com.ng/media/featuredImage/boluexplorer.html]
[www.fpiupdates.com.ng/media/featuredImage/brotherjerocoverbook.html]
[www.fpiupdates.com.ng/media/featuredImage/diffbtwweekend&weekdays.html]
[www.fpiupdates.com.ng/media/featuredImage/elect.html]
[www.fpiupdates.com.ng/media/featuredImage/error.html]
[www.fpiupdates.com.ng/media/featuredImage/forfeitadmission.html]
[www.fpiupdates.com.ng/media/featuredImage/fpiimage1.html]
[www.fpiupdates.com.ng/media/featuredImage/gns106&206free.html]
[www.fpiupdates.com.ng/media/featuredImage/ilaroexamstory.html]
[www.fpiupdates.com.ng/media/featuredImage/img-20230416-wa0003.html]
[www.fpiupdates.com.ng/media/featuredImage/img-20230422-wa0038.html]
[www.fpiupdates.com.ng/media/featuredImage/img-20230521-wa0100.html]
[www.fpiupdates.com.ng/media/featuredImage/img-20230523-wa0018.html]
[www.fpiupdates.com.ng/media/featuredImage/img_20230513_203502.html]
[www.fpiupdates.com.ng/media/featuredImage/info2applicants.html]
[www.fpiupdates.com.ng/media/featuredImage/musicpromotion.html]
[www.fpiupdates.com.ng/media/featuredImage/napespresident.html]
[www.fpiupdates.com.ng/media/featuredImage/parttimeavailablecourses.html]
[www.fpiupdates.com.ng/media/featuredImage/happystudents.jpg]
[www.fpiupdates.com.ng/media/featuredImage/img.jpg]
[www.fpiupdates.com.ng/media/featuredImage/phone1.jpg]
[www.fpiupdates.com.ng/media/featuredImage/phone4.jpg]
[www.fpiupdates.com.ng/media/featuredImage/polyformapp.jpeg]
[www.fpiupdates.com.ng/media/featuredImage/postutme2know.jpeg]
[www.fpiupdates.com.ng/media/featuredImage/priortoenterfpi.jpeg]
[www.fpiupdates.com.ng/media/featuredImage/requireddocuments.jpeg]
[www.fpiupdates.com.ng/media/featuredImage/sch_1664278315.jpg]
[www.fpiupdates.com.ng/media/featuredImage/screenshot_20230501-220756.png]
[www.fpiupdates.com.ng/media/featuredImage/Screenshot_20230501-220757.png]
[www.fpiupdates.com.ng/media/featuredImage/strategies-for-studying.jpg]
[www.fpiupdates.com.ng/media/featuredImage/Strategies-for-studying-2.jpg]
[www.fpiupdates.com.ng/media/featuredImage/Student jumping.jpeg]
[www.fpiupdates.com.ng/media/featuredImage/students.png]
[www.fpiupdates.com.ng/media/featuredImage/studysmarter.jpeg]
[www.fpiupdates.com.ng/media/featuredImage/subjectcombinations-2.png]
[www.fpiupdates.com.ng/media/featuredImage/todoafterexam.jpeg]
[www.fpiupdates.com.ng/media/featuredImage/welcome2fpiupdatesweb-2.jpg]
[www.fpiupdates.com.ng/media/featuredImage/winalukoprize-2.jpg]
[www.fpiupdates.com.ng/media/featuredImage/indexd4cd.html]
[www.fpiupdates.com.ng/media/featuredImage/index7dc1.html]
[www.fpiupdates.com.ng/media/featuredImage/index38f9.html]
[www.fpiupdates.com.ng/media/index9a11.html]
[www.fpiupdates.com.ng/media/index2a60.html]
[www.fpiupdates.com.ng/media/index3dd6.html]
[www.fpiupdates.com.ng/media/backgroundImages/index.html]
[www.fpiupdates.com.ng/_autoindex/assets/icons/folder-fill.svg]
[www.fpiupdates.com.ng/media/documents/index.html]
